[multiassetsbrokers.com/index.html]
[backblue.gif]
[fade.gif]
[index.html]
[multiassetsbrokers.com/multiassetsbrokers.com/index.html]
[multiassetsbrokers.com/assets/css/mainb480.css]
[multiassetsbrokers.com/images/icon5799.png]
[kit.fontawesome.com/4ed3731049.js]
[multiassetsbrokers.com/images/logo00ba.png]
[multiassetsbrokers.com/reviews/powered-consultancy-review.html]
[multiassetsbrokers.com/reviews/cmc-markets.html]
[multiassetsbrokers.com/reviews/ig-index.html]
[multiassetsbrokers.com/reviews/trade-dot-com-review.html]
[multiassetsbrokers.com/reviews/inceptial-review.html]
[multiassetsbrokers.com/reviews/excentral-review.html]
[multiassetsbrokers.com/uploads/powered-consultancy-logob3c6.png]
[multiassetsbrokers.com/images/star01c6.png]
[multiassetsbrokers.com/uploads/seekapa4846.png]
[multiassetsbrokers.com/reviews/seekapa-review.html]
[multiassetsbrokers.com/uploads/divicoins-logo03a5.png]
[multiassetsbrokers.com/reviews/divicoins-review.html]
[multiassetsbrokers.com/uploads/fps-limited-logob7e0.png]
[multiassetsbrokers.com/reviews/fps-limited-review.html]
[multiassetsbrokers.com/uploads/ms-limited-logo147e.png]
[multiassetsbrokers.com/reviews/ms-limited-review.html]
[multiassetsbrokers.com/uploads/quantummarketslogo11df.png]
[multiassetsbrokers.com/reviews/quantum-markets-review.html]
[multiassetsbrokers.com/uploads/equity-gates-logo085e.png]
[multiassetsbrokers.com/reviews/equitygates-review.html]
[multiassetsbrokers.com/uploads/gmzgloballogoef8e.webp]
[multiassetsbrokers.com/reviews/gmz-global-review.html]
[multiassetsbrokers.com/uploads/theunitedcreditlogo0694.webp]
[multiassetsbrokers.com/reviews/the-united-credit-broker-review.html]
[multiassetsbrokers.com/uploads/aa1okklh5d5b.jpg]
[multiassetsbrokers.com/reviews/the-digital-payments-revolution-how-key2pay-is-leading-the-way.html]
[multiassetsbrokers.com/uploads/raze-logoe07a.png]
[multiassetsbrokers.com/reviews/raze-markets-review-is-raze-markets-a-scam.html]
[multiassetsbrokers.com/uploads/isa-limited-logo05ab.webp]
[multiassetsbrokers.com/reviews/isa-limited-review.html]
[cryptofrontline.com/wp-content/uploads/2018/12/Iforex-Logo-680x365_c.png]
[multiassetsbrokers.com/reviews/iforex-review-2024.html]
[multiassetsbrokers.com/uploads/farallonfx-logo-300x183d212.jpg]
[multiassetsbrokers.com/reviews/farallonfx-toda-la-información-que-debes-conocer.html]
[multiassetsbrokers.com/images/omplix404bf.png]
[multiassetsbrokers.com/reviews/omplix-review.html]
[multiassetsbrokers.com/images/inceptial_logo0b32.png]
[multiassetsbrokers.com/images/axia3c2bb.png]
[multiassetsbrokers.com/reviews/axia-review.html]
[multiassetsbrokers.com/images/gloffixdba4.png]
[multiassetsbrokers.com/reviews/gloffix-review.html]
[multiassetsbrokers.com/images/excentral4041a.png]
[multiassetsbrokers.com/images/instaforex_logo.png]
[multiassetsbrokers.com/reviews/instaforex-review.html]
[multiassetsbrokers.com/images/saxo_bank_logo.svg]
[multiassetsbrokers.com/reviews/saxo-bank-review.html]
[multiassetsbrokers.com/privacy.html]
[multiassetsbrokers.com/assets/vendor/jquery/jquery.min8b1d.js]
[multiassetsbrokers.com/contact/index.html]
[multiassetsbrokers.com/index.html]
[multiassetsbrokers.com/multiassetsbrokers.com/index.html]
[www.googletagmanager.com/gtm5445.html]
[multiassetsbrokers.com/assets/css/mainb480.css]
[multiassetsbrokers.com/assets/vendor/bootstrap/js/bootstrap.bundle.min952b.js]
[multiassetsbrokers.com/reviews/multiassetsbrokers.com/reviews/powered-consultancy-review.html]
[multiassetsbrokers.com/_layouts/default.html]
[multiassetsbrokers.com/_layouts/review.html]
[multiassetsbrokers.com/reviews/powered-consultancy-review.html]
[multiassetsbrokers.com/reviews/multiassetsbrokers.com/reviews/cmc-markets.html]
[multiassetsbrokers.com/images/cmc-logo-blue9d4c.svg]
[multiassetsbrokers.com/images/cmc_markets_instruments2ac2.png]
[multiassetsbrokers.com/images/cmc_markets_platform0440.png]
[multiassetsbrokers.com/reviews/cmc-markets.html]
[multiassetsbrokers.com/reviews/multiassetsbrokers.com/reviews/ig-index.html]
[multiassetsbrokers.com/images/ig_com_logo1f87.png]
[multiassetsbrokers.com/images/ig_com_platformd185.png]
[multiassetsbrokers.com/reviews/ig-index.html]
[multiassetsbrokers.com/reviews/multiassetsbrokers.com/reviews/trade-dot-com-review.html]
[multiassetsbrokers.com/images/tradecom_img176ec.png]
[multiassetsbrokers.com/images/tradecom_img299b4.png]
[multiassetsbrokers.com/images/tradecom_img3a2aa.png]
[multiassetsbrokers.com/reviews/trade-dot-com-review.html]
[multiassetsbrokers.com/reviews/multiassetsbrokers.com/reviews/inceptial-review.html]
[multiassetsbrokers.com/images/inceptial12414.png]
[multiassetsbrokers.com/images/inceptial2bdca.png]
[multiassetsbrokers.com/images/inceptial3512c.png]
[multiassetsbrokers.com/reviews/inceptial-review.html]
[multiassetsbrokers.com/reviews/multiassetsbrokers.com/reviews/excentral-review.html]
[multiassetsbrokers.com/images/excentral142d7.png]
[multiassetsbrokers.com/images/excentral282a0.png]
[multiassetsbrokers.com/images/excentral3a1cf.png]
[multiassetsbrokers.com/reviews/excentral-review.html]
[multiassetsbrokers.com/reviews/multiassetsbrokers.com/reviews/seekapa-review.html]
[multiassetsbrokers.com/uploads/screenshot-2025-03-12-at-17-20-314f9e.png]
[multiassetsbrokers.com/uploads/screenshot-2025-03-12-at-17-20-38ea3a.png]
[multiassetsbrokers.com/reviews/seekapa-review.html]
[multiassetsbrokers.com/reviews/multiassetsbrokers.com/reviews/divicoins-review.html]
[multiassetsbrokers.com/uploads/image169c.png]
[multiassetsbrokers.com/uploads/screenshot-2025-01-24-at-10-03-02ac78.png]
[multiassetsbrokers.com/uploads/screenshot-2025-01-24-at-10-02-54ba87.png]
[multiassetsbrokers.com/reviews/divicoins-review.html]
[multiassetsbrokers.com/reviews/multiassetsbrokers.com/reviews/fps-limited-review.html]
[multiassetsbrokers.com/reviews/fps-limited-review.html]
[multiassetsbrokers.com/reviews/multiassetsbrokers.com/reviews/ms-limited-review.html]
[multiassetsbrokers.com/reviews/ms-limited-review.html]
[multiassetsbrokers.com/reviews/multiassetsbrokers.com/reviews/quantum-markets-review.html]
[multiassetsbrokers.com/reviews/quantum-markets-review.html]
[multiassetsbrokers.com/reviews/multiassetsbrokers.com/reviews/equitygates-review.html]
[multiassetsbrokers.com/reviews/equitygates-review.html]
[multiassetsbrokers.com/reviews/multiassetsbrokers.com/reviews/gmz-global-review.html]
[multiassetsbrokers.com/reviews/gmz-global-review.html]
[multiassetsbrokers.com/reviews/multiassetsbrokers.com/reviews/the-united-credit-broker-review.html]
[multiassetsbrokers.com/reviews/the-united-credit-broker-review.html]
[multiassetsbrokers.com/reviews/multiassetsbrokers.com/reviews/the-digital-payments-revolution-how-key2pay-is-leading-the-way.html]
[multiassetsbrokers.com/reviews/the-digital-payments-revolution-how-key2pay-is-leading-the-way.html]
[multiassetsbrokers.com/reviews/multiassetsbrokers.com/reviews/raze-markets-review-is-raze-markets-a-scam.html]
[multiassetsbrokers.com/reviews/raze-markets-review-is-raze-markets-a-scam.html]
[multiassetsbrokers.com/reviews/multiassetsbrokers.com/reviews/isa-limited-review.html]
[multiassetsbrokers.com/reviews/isa-limited-review.html]
[multiassetsbrokers.com/reviews/multiassetsbrokers.com/reviews/iforex-review-2024.html]
[www.cryptonewsz.com/wp-content/uploads/2021/12/iForex-Platform-Interface.5d.delayed]
[www.cryptonewsz.com/wp-content/uploads/2021/12/Features-of-iForex-1024x305.png]
[www.cryptonewsz.com/wp-content/uploads/2021/12/iForex-Account-Opening-Process-1024x526.png]
[www.cryptonewsz.com/wp-content/uploads/2021/12/iForex-Products-1024x511.png]
[www.cryptonewsz.com/wp-content/uploads/2021/12/iForex-Trading-Tools-1024x367.png]
[www.cryptonewsz.com/wp-content/uploads/2021/12/iForex-Bonuses-Promotions-1024x382.png]
[www.cryptonewsz.com/wp-content/uploads/2021/12/iForex-Affiliate-Program-1024x391.png]
[www.cryptonewsz.com/wp-content/uploads/2021/12/iForex-Customer-Support-1024x349.png]
[multiassetsbrokers.com/reviews/iforex-review-2024.html]
[multiassetsbrokers.com/reviews/multiassetsbrokers.com/reviews/farallonfx-toda-la-información-que-debes-conocer.html]
[multiassetsbrokers.com/reviews/farallonfx-toda-la-información-que-debes-conocer.html]
[multiassetsbrokers.com/reviews/multiassetsbrokers.com/reviews/omplix-review.html]
[multiassetsbrokers.com/images/omplix171ba.png]
[multiassetsbrokers.com/images/omplix231f1.png]
[multiassetsbrokers.com/images/omplix36941.png]
[multiassetsbrokers.com/reviews/omplix-review.html]
[multiassetsbrokers.com/reviews/multiassetsbrokers.com/reviews/axia-review.html]
[multiassetsbrokers.com/images/axia4e520.png]
[multiassetsbrokers.com/reviews/axia-review.html]
[multiassetsbrokers.com/reviews/multiassetsbrokers.com/reviews/gloffix-review.html]
[multiassetsbrokers.com/images/19215.png]
[multiassetsbrokers.com/images/2f7ac.png]
[multiassetsbrokers.com/images/3ade2.png]
[multiassetsbrokers.com/reviews/gloffix-review.html]
[multiassetsbrokers.com/reviews/multiassetsbrokers.com/reviews/instaforex-review.html]
[multiassetsbrokers.com/images/instaforex_logo4a0a.png]
[multiassetsbrokers.com/images/instaforex_productsa8df.png]
[multiassetsbrokers.com/images/instaforex_MT4_platform090c.png]
[multiassetsbrokers.com/reviews/instaforex-review.html]
[multiassetsbrokers.com/images/saxo_bank_logo.svg]
[multiassetsbrokers.com/reviews/multiassetsbrokers.com/reviews/saxo-bank-review.html]
[multiassetsbrokers.com/images/saxo_bank_logo3916.svg]
[multiassetsbrokers.com/images/saxo_bank_productsc666.png]
[multiassetsbrokers.com/images/saxo_bank_trading_platforma1e3.png]
[multiassetsbrokers.com/reviews/saxo-bank-review.html]
[multiassetsbrokers.com/multiassetsbrokers.com/privacy.html]
[multiassetsbrokers.com/privacy.html]
[ajax.googleapis.com/ajax/libs/jquery/3.4.1/jquery.min.js]
[multiassetsbrokers.com/contact/index.html]
[multiassetsbrokers.com/reviews/multiassetsbrokers.com/reviews/powered-consultancy-review.html]
[multiassetsbrokers.com/_layouts/default.html]
[multiassetsbrokers.com/_layouts/review.html]
[multiassetsbrokers.com/reviews/multiassetsbrokers.com/reviews/cmc-markets.html]
[multiassetsbrokers.com/images/cmc-logo-blue9d4c.svg]
[multiassetsbrokers.com/reviews/multiassetsbrokers.com/reviews/ig-index.html]
[multiassetsbrokers.com/reviews/multiassetsbrokers.com/reviews/trade-dot-com-review.html]
[multiassetsbrokers.com/reviews/multiassetsbrokers.com/reviews/inceptial-review.html]
[multiassetsbrokers.com/reviews/multiassetsbrokers.com/reviews/excentral-review.html]
[multiassetsbrokers.com/reviews/multiassetsbrokers.com/reviews/seekapa-review.html]
[multiassetsbrokers.com/reviews/multiassetsbrokers.com/reviews/divicoins-review.html]
[multiassetsbrokers.com/reviews/multiassetsbrokers.com/reviews/fps-limited-review.html]
[multiassetsbrokers.com/reviews/multiassetsbrokers.com/reviews/ms-limited-review.html]
[multiassetsbrokers.com/reviews/multiassetsbrokers.com/reviews/quantum-markets-review.html]
[multiassetsbrokers.com/reviews/multiassetsbrokers.com/reviews/equitygates-review.html]
[multiassetsbrokers.com/reviews/multiassetsbrokers.com/reviews/gmz-global-review.html]
[multiassetsbrokers.com/reviews/multiassetsbrokers.com/reviews/the-united-credit-broker-review.html]
[multiassetsbrokers.com/reviews/multiassetsbrokers.com/reviews/the-digital-payments-revolution-how-key2pay-is-leading-the-way.html]
[multiassetsbrokers.com/reviews/multiassetsbrokers.com/reviews/raze-markets-review-is-raze-markets-a-scam.html]
[multiassetsbrokers.com/reviews/multiassetsbrokers.com/reviews/isa-limited-review.html]
[multiassetsbrokers.com/reviews/multiassetsbrokers.com/reviews/iforex-review-2024.html]
[www.cryptonewsz.com/wp-content/uploads/2021/12/iForex-Platform-Interface.html]
[www.cryptonewsz.com/wp-content/uploads/2021/12/Features-of-iForex-1024x305.html]
[www.cryptonewsz.com/wp-content/uploads/2021/12/iForex-Account-Opening-Process-1024x526.html]
[www.cryptonewsz.com/wp-content/uploads/2021/12/iForex-Products-1024x511.html]
[www.cryptonewsz.com/wp-content/uploads/2021/12/iForex-Trading-Tools-1024x367.html]
[www.cryptonewsz.com/wp-content/uploads/2021/12/iForex-Bonuses-Promotions-1024x382.html]
[www.cryptonewsz.com/wp-content/uploads/2021/12/iForex-Affiliate-Program-1024x391.html]
[www.cryptonewsz.com/wp-content/uploads/2021/12/iForex-Customer-Support-1024x349.html]
[multiassetsbrokers.com/reviews/multiassetsbrokers.com/reviews/farallonfx-toda-la-información-que-debes-conocer.html]
[multiassetsbrokers.com/reviews/multiassetsbrokers.com/reviews/omplix-review.html]
[multiassetsbrokers.com/reviews/multiassetsbrokers.com/reviews/axia-review.html]
[multiassetsbrokers.com/reviews/multiassetsbrokers.com/reviews/gloffix-review.html]
[multiassetsbrokers.com/reviews/multiassetsbrokers.com/reviews/instaforex-review.html]
[multiassetsbrokers.com/reviews/multiassetsbrokers.com/reviews/saxo-bank-review.html]
[multiassetsbrokers.com/images/saxo_bank_logo3916.svg]
[multiassetsbrokers.com/multiassetsbrokers.com/privacy.html]
[multiassetsbrokers.com/contact/multiassetsbrokers.com/contact/index.html]
[multiassetsbrokers.com/contact/multiassetsbrokers.com/contact/index.html]
[ajax.googleapis.com/ajax/libs/jquery/3.4.1/jquery.min.js]
